2026-06-13 16:18:26,236 [INFO] ============================================================
2026-06-13 16:18:26,241 [INFO] Starting WPD -> DOCX Network Converter
2026-06-13 16:18:26,243 [INFO] Watching: \\Win-em2un8j7eiv\i\WPD_INBOX
2026-06-13 16:18:26,244 [INFO] Backups: \\Win-em2un8j7eiv\i\WPD_FORMATTED\backup
2026-06-13 16:18:26,244 [INFO] Converted: \\Win-em2un8j7eiv\i\WPD_FORMATTED\converted
2026-06-13 16:18:26,245 [INFO] Processes files of ANY age
2026-06-13 16:18:26,246 [INFO] ============================================================
--- Logging error ---
Traceback (most recent call last):
  File "C:\Users\administrator\Music\Workspace\wpdconverter\servwpdtodocx.py", line 185, in main
    time.sleep(1)
    ~~~~~~~~~~^^^
KeyboardInterrupt

During handling of the above exception, another exception occurred:

Traceback (most recent call last):
  File "C:\Users\administrator\AppData\Local\Python\pythoncore-3.14-64\Lib\logging\__init__.py", line 1155, in emit
    self.flush()
    ~~~~~~~~~~^^
  File "C:\Users\administrator\AppData\Local\Python\pythoncore-3.14-64\Lib\logging\__init__.py", line 1137, in flush
    self.stream.flush()
    ~~~~~~~~~~~~~~~~~^^
OSError: [Errno 22] Invalid argument
Call stack:
  File "C:\Users\administrator\Music\Workspace\wpdconverter\servwpdtodocx.py", line 193, in <module>
    main()
  File "C:\Users\administrator\Music\Workspace\wpdconverter\servwpdtodocx.py", line 187, in main
    logging.info("Shutting down watcher...")
Message: 'Shutting down watcher...'
Arguments: ()
2026-07-30 11:42:33,793 [INFO] Shutting down watcher...
Exception ignored while finalizing file <_io.TextIOWrapper name='\\\\Win-em2un8j7eiv\\i\\WPD_FORMATTED\\converter.log' mode='a' encoding='cp1252'>:
OSError: [Errno 22] Invalid argument
2026-07-30 11:43:54,417 [INFO] ============================================================
2026-07-30 11:43:54,419 [INFO] Starting WPD -> DOCX Network Converter
2026-07-30 11:43:54,420 [INFO] Watching: \\Win-em2un8j7eiv\i\WPD_INBOX
2026-07-30 11:43:54,421 [INFO] Backups: \\Win-em2un8j7eiv\i\WPD_FORMATTED\backup
2026-07-30 11:43:54,421 [INFO] Converted: \\Win-em2un8j7eiv\i\WPD_FORMATTED\converted
2026-07-30 11:43:54,422 [INFO] Processes files of ANY age
2026-07-30 11:43:54,422 [INFO] ============================================================
2026-07-30 11:45:49,606 [INFO] Shutting down watcher...
2026-07-30 11:46:20,735 [INFO] ============================================================
2026-07-30 11:46:20,737 [INFO] Starting WPD -> DOCX Network Converter
2026-07-30 11:46:20,739 [INFO] Watching: \\Win-em2un8j7eiv\i\WPD_INBOX
2026-07-30 11:46:20,740 [INFO] Backups: \\Win-em2un8j7eiv\i\WPD_FORMATTED\backup
2026-07-30 11:46:20,741 [INFO] Converted: \\Win-em2un8j7eiv\i\WPD_FORMATTED\converted
2026-07-30 11:46:20,742 [INFO] Processes files of ANY age
2026-07-30 11:46:20,743 [INFO] ============================================================
2026-07-30 11:48:36,220 [INFO] Shutting down watcher...
2026-07-30 12:27:52,585 [INFO] ============================================================
2026-07-30 12:27:52,586 [INFO] Starting WPD -> DOCX Network Converter
2026-07-30 12:27:52,587 [INFO] Watching: \\Win-em2un8j7eiv\i\WPD_INBOX
2026-07-30 12:27:52,587 [INFO] Backups: \\Win-em2un8j7eiv\i\WPD_FORMATTED\backup
2026-07-30 12:27:52,588 [INFO] Converted: \\Win-em2un8j7eiv\i\WPD_FORMATTED\converted
2026-07-30 12:27:52,588 [INFO] Processes files of ANY age
2026-07-30 12:27:52,589 [INFO] ============================================================
--- Logging error ---
Traceback (most recent call last):
  File "C:\Users\administrator\Music\Workspace\wpdconverter\servwpdtodocx.py", line 185, in main
    try:
    
KeyboardInterrupt

During handling of the above exception, another exception occurred:

Traceback (most recent call last):
  File "C:\Users\administrator\AppData\Local\Python\pythoncore-3.14-64\Lib\logging\__init__.py", line 1155, in emit
    self.flush()
    ~~~~~~~~~~^^
  File "C:\Users\administrator\AppData\Local\Python\pythoncore-3.14-64\Lib\logging\__init__.py", line 1137, in flush
    self.stream.flush()
    ~~~~~~~~~~~~~~~~~^^
OSError: [Errno 22] Invalid argument
Call stack:
  File "C:\Users\administrator\Music\Workspace\wpdconverter\servwpdtodocx.py", line 193, in <module>
  File "C:\Users\administrator\Music\Workspace\wpdconverter\servwpdtodocx.py", line 187, in main
    time.sleep(1)
Message: 'Shutting down watcher...'
Arguments: ()
2026-09-09 11:10:23,977 [INFO] Shutting down watcher...
Exception ignored while finalizing file <_io.TextIOWrapper name='\\\\Win-em2un8j7eiv\\i\\WPD_FORMATTED\\converter.log' mode='a' encoding='cp1252'>:
OSError: [Errno 22] Invalid argument
2026-09-09 11:10:48,573 [INFO] ============================================================
2026-09-09 11:10:48,574 [INFO] Starting WPD -> DOCX Network Converter
2026-09-09 11:10:48,575 [INFO] Watching: \\Win-em2un8j7eiv\i\WPD_INBOX
2026-09-09 11:10:48,576 [INFO] Backups: \\Win-em2un8j7eiv\i\WPD_FORMATTED\backup
2026-09-09 11:10:48,577 [INFO] Converted: \\Win-em2un8j7eiv\i\WPD_FORMATTED\converted
2026-09-09 11:10:48,578 [INFO] Processes files of ANY age
2026-09-09 11:10:48,579 [INFO] ============================================================
