2026-06-03 16:08:48,678 [INFO] ============================================================
2026-06-03 16:08:48,680 [INFO] Starting WPD -> DOCX Network Converter
2026-06-03 16:08:48,680 [INFO] Watching: \\Win-em2un8j7eiv\i\WPD_INBOX
2026-06-03 16:08:48,681 [INFO] Backups: \\Win-em2un8j7eiv\i\WPD_FORMATTED\backup
2026-06-03 16:08:48,681 [INFO] Converted: \\Win-em2un8j7eiv\i\WPD_FORMATTED\converted
2026-06-03 16:08:48,682 [INFO] Processes files of ANY age
2026-06-03 16:08:48,682 [INFO] ============================================================
--- Logging error ---
Traceback (most recent call last):
  File "C:\Users\administrator\Music\Workspace\wpdconverter\servwpdtodocx.py", line 185, in main
    time.sleep(1)
    ~~~~~~~~~~^^^
KeyboardInterrupt

During handling of the above exception, another exception occurred:

Traceback (most recent call last):
  File "C:\Users\administrator\AppData\Local\Python\pythoncore-3.14-64\Lib\logging\__init__.py", line 1155, in emit
    self.flush()
    ~~~~~~~~~~^^
  File "C:\Users\administrator\AppData\Local\Python\pythoncore-3.14-64\Lib\logging\__init__.py", line 1137, in flush
    self.stream.flush()
    ~~~~~~~~~~~~~~~~~^^
OSError: [Errno 22] Invalid argument
Call stack:
  File "C:\Users\administrator\Music\Workspace\wpdconverter\servwpdtodocx.py", line 193, in <module>
    main()
  File "C:\Users\administrator\Music\Workspace\wpdconverter\servwpdtodocx.py", line 187, in main
    logging.info("Shutting down watcher...")
Message: 'Shutting down watcher...'
Arguments: ()
2026-06-10 00:33:54,477 [INFO] Shutting down watcher...
Exception ignored while finalizing file <_io.TextIOWrapper name='\\\\Win-em2un8j7eiv\\i\\WPD_FORMATTED\\converter.log' mode='a' encoding='cp1252'>:
OSError: [Errno 22] Invalid argument
2026-06-10 00:50:39,212 [INFO] ============================================================
2026-06-10 00:50:39,217 [INFO] Starting WPD -> DOCX Network Converter
2026-06-10 00:50:39,218 [INFO] Watching: \\Win-em2un8j7eiv\i\WPD_INBOX
2026-06-10 00:50:39,219 [INFO] Backups: \\Win-em2un8j7eiv\i\WPD_FORMATTED\backup
2026-06-10 00:50:39,219 [INFO] Converted: \\Win-em2un8j7eiv\i\WPD_FORMATTED\converted
2026-06-10 00:50:39,220 [INFO] Processes files of ANY age
2026-06-10 00:50:39,220 [INFO] ============================================================
2026-06-10 00:54:34,208 [INFO] Shutting down watcher...
2026-06-10 01:10:32,045 [INFO] ============================================================
2026-06-10 01:10:32,047 [INFO] Starting WPD -> DOCX Network Converter
2026-06-10 01:10:32,048 [INFO] Watching: \\Win-em2un8j7eiv\i\WPD_INBOX
2026-06-10 01:10:32,048 [INFO] Backups: \\Win-em2un8j7eiv\i\WPD_FORMATTED\backup
2026-06-10 01:10:32,050 [INFO] Converted: \\Win-em2un8j7eiv\i\WPD_FORMATTED\converted
2026-06-10 01:10:32,051 [INFO] Processes files of ANY age
2026-06-10 01:10:32,051 [INFO] ============================================================
