2025-12-15 13:08:25,368 [INFO] ============================================================
2025-12-15 13:08:25,384 [INFO] Starting WPD -> DOCX Network Converter
2025-12-15 13:08:25,399 [INFO] Watching: \\Win-em2un8j7eiv\i\WPD_INBOX
2025-12-15 13:08:25,414 [INFO] Backups: \\Win-em2un8j7eiv\i\WPD_FORMATTED\backup
2025-12-15 13:08:25,445 [INFO] Converted: \\Win-em2un8j7eiv\i\WPD_FORMATTED\converted
2025-12-15 13:08:25,451 [INFO] Processes files of ANY age
2025-12-15 13:08:25,457 [INFO] ============================================================
2025-12-15 13:10:19,147 [INFO] Shutting down watcher...
2025-12-15 13:10:40,143 [INFO] ============================================================
2025-12-15 13:10:40,144 [INFO] Starting WPD -> DOCX Network Converter
2025-12-15 13:10:40,145 [INFO] Watching: \\Win-em2un8j7eiv\i\WPD_INBOX
2025-12-15 13:10:40,146 [INFO] Backups: \\Win-em2un8j7eiv\i\WPD_FORMATTED\backup
2025-12-15 13:10:40,146 [INFO] Converted: \\Win-em2un8j7eiv\i\WPD_FORMATTED\converted
2025-12-15 13:10:40,147 [INFO] Processes files of ANY age
2025-12-15 13:10:40,148 [INFO] ============================================================
2025-12-15 15:46:03,207 [INFO] Detected file: \\Win-em2un8j7eiv\i\WPD_INBOX\~$copy.wpd
2025-12-15 15:46:04,796 [INFO] Backed up: \\Win-em2un8j7eiv\i\WPD_INBOX\~$copy.wpd -> \\Win-em2un8j7eiv\i\WPD_FORMATTED\backup\2025-12-15_15-46-04_~$copy.wpd
2025-12-15 15:46:12,774 [WARNING] Conversion reported success but output not found: \\Win-em2un8j7eiv\i\WPD_FORMATTED\converted\~$copy.docx
2025-12-17 10:27:44,121 [INFO] Detected file: \\Win-em2un8j7eiv\i\WPD_INBOX\Case Summary- Leo - Copy.wpd
2025-12-17 10:27:47,765 [INFO] Backed up: \\Win-em2un8j7eiv\i\WPD_INBOX\Case Summary- Leo - Copy.wpd -> \\Win-em2un8j7eiv\i\WPD_FORMATTED\backup\2025-12-17_10-27-46_Case Summary- Leo - Copy.wpd
2025-12-17 10:28:36,938 [INFO] Converted: \\Win-em2un8j7eiv\i\WPD_INBOX\Case Summary- Leo - Copy.wpd -> \\Win-em2un8j7eiv\i\WPD_FORMATTED\converted\Case Summary- Leo - Copy.docx
2025-12-17 11:11:24,408 [INFO] Detected file: \\Win-em2un8j7eiv\i\WPD_INBOX\Case Summary- Leo - Copy.wpd
2025-12-17 11:11:28,073 [INFO] Backed up: \\Win-em2un8j7eiv\i\WPD_INBOX\Case Summary- Leo - Copy.wpd -> \\Win-em2un8j7eiv\i\WPD_FORMATTED\backup\2025-12-17_11-11-27_Case Summary- Leo - Copy.wpd
2025-12-17 11:12:04,693 [INFO] Converted: \\Win-em2un8j7eiv\i\WPD_INBOX\Case Summary- Leo - Copy.wpd -> \\Win-em2un8j7eiv\i\WPD_FORMATTED\converted\Case Summary- Leo - Copy.docx
