2025-12-22 09:31:31,232 [INFO] ============================================================
2025-12-22 09:31:31,238 [INFO] Starting WPD -> DOCX Network Converter
2025-12-22 09:31:31,244 [INFO] Watching: \\Win-em2un8j7eiv\i\WPD_INBOX
2025-12-22 09:31:31,248 [INFO] Backups: \\Win-em2un8j7eiv\i\WPD_FORMATTED\backup
2025-12-22 09:31:31,249 [INFO] Converted: \\Win-em2un8j7eiv\i\WPD_FORMATTED\converted
2025-12-22 09:31:31,258 [INFO] Processes files of ANY age
2025-12-22 09:31:31,263 [INFO] ============================================================
--- Logging error ---
Traceback (most recent call last):
  File "C:\Users\administrator\Music\Workspace\wpdconverter\servwpdtodocx.py", line 185, in main
    time.sleep(1)
    ~~~~~~~~~~^^^
KeyboardInterrupt

During handling of the above exception, another exception occurred:

Traceback (most recent call last):
  File "C:\Users\administrator\AppData\Local\Python\pythoncore-3.14-64\Lib\logging\__init__.py", line 1155, in emit
    self.flush()
    ~~~~~~~~~~^^
  File "C:\Users\administrator\AppData\Local\Python\pythoncore-3.14-64\Lib\logging\__init__.py", line 1137, in flush
    self.stream.flush()
    ~~~~~~~~~~~~~~~~~^^
OSError: [Errno 22] Invalid argument
Call stack:
  File "C:\Users\administrator\Music\Workspace\wpdconverter\servwpdtodocx.py", line 193, in <module>
    main()
  File "C:\Users\administrator\Music\Workspace\wpdconverter\servwpdtodocx.py", line 187, in main
    logging.info("Shutting down watcher...")
Message: 'Shutting down watcher...'
Arguments: ()
2026-02-17 13:39:56,490 [INFO] Shutting down watcher...
Exception ignored while finalizing file <_io.TextIOWrapper name='\\\\Win-em2un8j7eiv\\i\\WPD_FORMATTED\\converter.log' mode='a' encoding='cp1252'>:
OSError: [Errno 22] Invalid argument
2026-02-17 13:40:33,718 [INFO] ============================================================
2026-02-17 13:40:33,720 [INFO] Starting WPD -> DOCX Network Converter
2026-02-17 13:40:33,722 [INFO] Watching: \\Win-em2un8j7eiv\i\WPD_INBOX
2026-02-17 13:40:33,722 [INFO] Backups: \\Win-em2un8j7eiv\i\WPD_FORMATTED\backup
2026-02-17 13:40:33,723 [INFO] Converted: \\Win-em2un8j7eiv\i\WPD_FORMATTED\converted
2026-02-17 13:40:33,724 [INFO] Processes files of ANY age
2026-02-17 13:40:33,724 [INFO] ============================================================
2026-02-17 13:41:46,745 [INFO] Shutting down watcher...
2026-02-17 13:42:12,947 [INFO] ============================================================
2026-02-17 13:42:12,948 [INFO] Starting WPD -> DOCX Network Converter
2026-02-17 13:42:12,949 [INFO] Watching: \\Win-em2un8j7eiv\i\WPD_INBOX
2026-02-17 13:42:12,951 [INFO] Backups: \\Win-em2un8j7eiv\i\WPD_FORMATTED\backup
2026-02-17 13:42:12,981 [INFO] Converted: \\Win-em2un8j7eiv\i\WPD_FORMATTED\converted
2026-02-17 13:42:12,982 [INFO] Processes files of ANY age
2026-02-17 13:42:12,985 [INFO] ============================================================
--- Logging error ---
Traceback (most recent call last):
  File "C:\Users\administrator\Music\Workspace\wpdconverter\servwpdtodocx.py", line 185, in main
    time.sleep(1)
    ~~~~~~~~~~^^^
KeyboardInterrupt

During handling of the above exception, another exception occurred:

Traceback (most recent call last):
  File "C:\Users\administrator\AppData\Local\Python\pythoncore-3.14-64\Lib\logging\__init__.py", line 1155, in emit
    self.flush()
    ~~~~~~~~~~^^
  File "C:\Users\administrator\AppData\Local\Python\pythoncore-3.14-64\Lib\logging\__init__.py", line 1137, in flush
    self.stream.flush()
    ~~~~~~~~~~~~~~~~~^^
OSError: [Errno 22] Invalid argument
Call stack:
  File "C:\Users\administrator\Music\Workspace\wpdconverter\servwpdtodocx.py", line 193, in <module>
    main()
  File "C:\Users\administrator\Music\Workspace\wpdconverter\servwpdtodocx.py", line 187, in main
    logging.info("Shutting down watcher...")
Message: 'Shutting down watcher...'
Arguments: ()
2026-02-23 10:06:19,223 [INFO] Shutting down watcher...
Exception ignored while finalizing file <_io.TextIOWrapper name='\\\\Win-em2un8j7eiv\\i\\WPD_FORMATTED\\converter.log' mode='a' encoding='cp1252'>:
OSError: [Errno 22] Invalid argument
2026-02-23 10:06:50,149 [INFO] ============================================================
2026-02-23 10:06:50,150 [INFO] Starting WPD -> DOCX Network Converter
2026-02-23 10:06:50,151 [INFO] Watching: \\Win-em2un8j7eiv\i\WPD_INBOX
2026-02-23 10:06:50,152 [INFO] Backups: \\Win-em2un8j7eiv\i\WPD_FORMATTED\backup
2026-02-23 10:06:50,153 [INFO] Converted: \\Win-em2un8j7eiv\i\WPD_FORMATTED\converted
2026-02-23 10:06:50,154 [INFO] Processes files of ANY age
2026-02-23 10:06:50,154 [INFO] ============================================================
2026-02-23 10:08:28,841 [INFO] Shutting down watcher...
2026-02-23 10:08:51,216 [INFO] ============================================================
2026-02-23 10:08:51,217 [INFO] Starting WPD -> DOCX Network Converter
2026-02-23 10:08:51,218 [INFO] Watching: \\Win-em2un8j7eiv\i\WPD_INBOX
2026-02-23 10:08:51,219 [INFO] Backups: \\Win-em2un8j7eiv\i\WPD_FORMATTED\backup
2026-02-23 10:08:51,220 [INFO] Converted: \\Win-em2un8j7eiv\i\WPD_FORMATTED\converted
2026-02-23 10:08:51,221 [INFO] Processes files of ANY age
2026-02-23 10:08:51,221 [INFO] ============================================================
